TAP version 13
ok 1 - FunctionalTest::testDocumentationLiberatorObject
ok 2 - FunctionalTest::testDocumentationLiberatorClass
ok 3 - FunctionalTest::testDocumentationLiberatorClassStatic
ok 4 - Eloquent\Liberator\LiberatorArrayTest::testRecursive
ok 5 - Eloquent\Liberator\LiberatorClassTest::testRecursive with data set #0 ('Eloquent\\Liberator\\Test\\Fixture\\Object', Eloquent\Liberator\LiberatorClass)
ok 6 - Eloquent\Liberator\LiberatorClassTest::testRecursive with data set #1 ('Eloquent\\Liberator\\Test\\Fixture\\ChildObject', Eloquent\Liberator\LiberatorClass)
ok 7 - Eloquent\Liberator\LiberatorClassTest::testCall with data set #0 ('Eloquent\\Liberator\\Test\\Fixture\\Object', Eloquent\Liberator\LiberatorClass)
ok 8 - Eloquent\Liberator\LiberatorClassTest::testCall with data set #1 ('Eloquent\\Liberator\\Test\\Fixture\\ChildObject', Eloquent\Liberator\LiberatorClass)
ok 9 - Eloquent\Liberator\LiberatorClassTest::testCallByReference
ok 10 - Eloquent\Liberator\LiberatorClassTest::testCallByReferenceStatic
ok 11 - Eloquent\Liberator\LiberatorClassTest::testSetGet with data set #0 ('Eloquent\\Liberator\\Test\\Fixture\\Object', Eloquent\Liberator\LiberatorClass)
ok 12 - Eloquent\Liberator\LiberatorClassTest::testSetGet with data set #1 ('Eloquent\\Liberator\\Test\\Fixture\\ChildObject', Eloquent\Liberator\LiberatorClass)
ok 13 - Eloquent\Liberator\LiberatorClassTest::testSetGetFailure with data set #0 ('__set', array('foo', 'bar'))
ok 14 - Eloquent\Liberator\LiberatorClassTest::testSetGetFailure with data set #1 ('__get', array('foo'))
ok 15 - Eloquent\Liberator\LiberatorClassTest::testSetGetFailure with data set #2 ('__unset', array('foo'))
ok 16 - Eloquent\Liberator\LiberatorClassTest::testPopsGenerateStaticClassProxy
ok 17 - Eloquent\Liberator\LiberatorObjectTest::testRecursive with data set #0 (foo, foo)
ok 18 - Eloquent\Liberator\LiberatorObjectTest::testRecursive with data set #1 (foo, foo)
ok 19 - Eloquent\Liberator\LiberatorObjectTest::testCall with data set #0 (foo, foo)
ok 20 - Eloquent\Liberator\LiberatorObjectTest::testCall with data set #1 (foo, foo)
ok 21 - Eloquent\Liberator\LiberatorObjectTest::testCallByReference with data set #0 (foo, foo)
ok 22 - Eloquent\Liberator\LiberatorObjectTest::testCallByReference with data set #1 (foo, foo)
ok 23 - Eloquent\Liberator\LiberatorObjectTest::testSetGet with data set #0 (foo, foo)
ok 24 - Eloquent\Liberator\LiberatorObjectTest::testSetGet with data set #1 (foo, foo)
ok 25 - Eloquent\Liberator\LiberatorTest::testLiberator
1..25
